<?xml version="1.0"?>
<xml>
  <pb_type name="parent">
    <input name="i" width="2"/>
    <loc>
      parent.o
      parent.i[0]
      parent.i[1]
    </loc>
  </pb_type>
</xml>
