<?xml version="1.0"?>
<xml>
port-name
port-name[8]
port-name[8:4]
</xml>
